Archive member included to satisfy reference by file (symbol)

c:/program files (x86)/gnu tools arm embedded/5.4 2016q3/bin/../lib/gcc/arm-none-eabi/5.4.1/../../../../arm-none-eabi/lib/armv7-m\libg.a(lib_a-exit.o)
                              c:/program files (x86)/gnu tools arm embedded/5.4 2016q3/bin/../lib/gcc/arm-none-eabi/5.4.1/../../../../arm-none-eabi/lib/armv7-m/crt0.o (exit)
c:/program files (x86)/gnu tools arm embedded/5.4 2016q3/bin/../lib/gcc/arm-none-eabi/5.4.1/../../../../arm-none-eabi/lib/armv7-m\libg.a(lib_a-impure.o)
                              c:/program files (x86)/gnu tools arm embedded/5.4 2016q3/bin/../lib/gcc/arm-none-eabi/5.4.1/../../../../arm-none-eabi/lib/armv7-m\libg.a(lib_a-exit.o) (_global_impure_ptr)
c:/program files (x86)/gnu tools arm embedded/5.4 2016q3/bin/../lib/gcc/arm-none-eabi/5.4.1/../../../../arm-none-eabi/lib/armv7-m\libg.a(lib_a-init.o)
                              c:/program files (x86)/gnu tools arm embedded/5.4 2016q3/bin/../lib/gcc/arm-none-eabi/5.4.1/../../../../arm-none-eabi/lib/armv7-m/crt0.o (__libc_init_array)
c:/program files (x86)/gnu tools arm embedded/5.4 2016q3/bin/../lib/gcc/arm-none-eabi/5.4.1/../../../../arm-none-eabi/lib/armv7-m\libg.a(lib_a-memset.o)
                              c:/program files (x86)/gnu tools arm embedded/5.4 2016q3/bin/../lib/gcc/arm-none-eabi/5.4.1/../../../../arm-none-eabi/lib/armv7-m/crt0.o (memset)
c:/program files (x86)/gnu tools arm embedded/5.4 2016q3/bin/../lib/gcc/arm-none-eabi/5.4.1/../../../../arm-none-eabi/lib/armv7-m\libg.a(lib_a-__call_atexit.o)
                              c:/program files (x86)/gnu tools arm embedded/5.4 2016q3/bin/../lib/gcc/arm-none-eabi/5.4.1/../../../../arm-none-eabi/lib/armv7-m\libg.a(lib_a-exit.o) (__call_exitprocs)
c:/program files (x86)/gnu tools arm embedded/5.4 2016q3/bin/../lib/gcc/arm-none-eabi/5.4.1/../../../../arm-none-eabi/lib/armv7-m\libg.a(lib_a-atexit.o)
                              c:/program files (x86)/gnu tools arm embedded/5.4 2016q3/bin/../lib/gcc/arm-none-eabi/5.4.1/../../../../arm-none-eabi/lib/armv7-m\libg.a(lib_a-__call_atexit.o) (atexit)
c:/program files (x86)/gnu tools arm embedded/5.4 2016q3/bin/../lib/gcc/arm-none-eabi/5.4.1/../../../../arm-none-eabi/lib/armv7-m\libg.a(lib_a-fini.o)
                              c:/program files (x86)/gnu tools arm embedded/5.4 2016q3/bin/../lib/gcc/arm-none-eabi/5.4.1/../../../../arm-none-eabi/lib/armv7-m\libg.a(lib_a-__call_atexit.o) (__libc_fini_array)
c:/program files (x86)/gnu tools arm embedded/5.4 2016q3/bin/../lib/gcc/arm-none-eabi/5.4.1/../../../../arm-none-eabi/lib/armv7-m\libg.a(lib_a-__atexit.o)
                              c:/program files (x86)/gnu tools arm embedded/5.4 2016q3/bin/../lib/gcc/arm-none-eabi/5.4.1/../../../../arm-none-eabi/lib/armv7-m\libg.a(lib_a-atexit.o) (__register_exitproc)

Allocating common symbols
Common symbol       size              file

pFlash              0x20              ..\obj\stm32f1xx_hal_flash.o

Discarded input sections

 .text          0x00000000        0x0 c:/program files (x86)/gnu tools arm embedded/5.4 2016q3/bin/../lib/gcc/arm-none-eabi/5.4.1/armv7-m/crti.o
 .data          0x00000000        0x0 c:/program files (x86)/gnu tools arm embedded/5.4 2016q3/bin/../lib/gcc/arm-none-eabi/5.4.1/armv7-m/crti.o
 .bss           0x00000000        0x0 c:/program files (x86)/gnu tools arm embedded/5.4 2016q3/bin/../lib/gcc/arm-none-eabi/5.4.1/armv7-m/crti.o
 .data          0x00000000        0x4 c:/program files (x86)/gnu tools arm embedded/5.4 2016q3/bin/../lib/gcc/arm-none-eabi/5.4.1/armv7-m/crtbegin.o
 .text          0x00000000       0x74 c:/program files (x86)/gnu tools arm embedded/5.4 2016q3/bin/../lib/gcc/arm-none-eabi/5.4.1/../../../../arm-none-eabi/lib/armv7-m/crt0.o
 .data          0x00000000        0x0 c:/program files (x86)/gnu tools arm embedded/5.4 2016q3/bin/../lib/gcc/arm-none-eabi/5.4.1/../../../../arm-none-eabi/lib/armv7-m/crt0.o
 .bss           0x00000000        0x0 c:/program files (x86)/gnu tools arm embedded/5.4 2016q3/bin/../lib/gcc/arm-none-eabi/5.4.1/../../../../arm-none-eabi/lib/armv7-m/crt0.o
 .ARM.extab     0x00000000        0x0 c:/program files (x86)/gnu tools arm embedded/5.4 2016q3/bin/../lib/gcc/arm-none-eabi/5.4.1/../../../../arm-none-eabi/lib/armv7-m/crt0.o
 .ARM.exidx     0x00000000        0x8 c:/program files (x86)/gnu tools arm embedded/5.4 2016q3/bin/../lib/gcc/arm-none-eabi/5.4.1/../../../../arm-none-eabi/lib/armv7-m/crt0.o
 .ARM.attributes
                0x00000000       0x1b c:/program files (x86)/gnu tools arm embedded/5.4 2016q3/bin/../lib/gcc/arm-none-eabi/5.4.1/../../../../arm-none-eabi/lib/armv7-m/crt0.o
 .text          0x00000000        0x0 ..\obj\stm32f1xx_hal_nor.o
 .data          0x00000000        0x0 ..\obj\stm32f1xx_hal_nor.o
 .bss           0x00000000        0x0 ..\obj\stm32f1xx_hal_nor.o
 .debug_info    0x00000000       0xa0 ..\obj\stm32f1xx_hal_nor.o
 .debug_abbrev  0x00000000       0x4b ..\obj\stm32f1xx_hal_nor.o
 .debug_aranges
                0x00000000       0x18 ..\obj\stm32f1xx_hal_nor.o
 .debug_line    0x00000000      0x150 ..\obj\stm32f1xx_hal_nor.o
 .debug_str     0x00000000      0x1e3 ..\obj\stm32f1xx_hal_nor.o
 .comment       0x00000000       0x6f ..\obj\stm32f1xx_hal_nor.o
 .ARM.attributes
                0x00000000       0x33 ..\obj\stm32f1xx_hal_nor.o
 .text          0x00000000      0x7b0 ..\obj\stm32f1xx_hal_flash_ex.o
 .data          0x00000000        0x0 ..\obj\stm32f1xx_hal_flash_ex.o
 .bss           0x00000000        0x0 ..\obj\stm32f1xx_hal_flash_ex.o
 .debug_info    0x00000000      0x806 ..\obj\stm32f1xx_hal_flash_ex.o
 .debug_abbrev  0x00000000      0x249 ..\obj\stm32f1xx_hal_flash_ex.o
 .debug_aranges
                0x00000000       0x20 ..\obj\stm32f1xx_hal_flash_ex.o
 .debug_line    0x00000000      0x3a9 ..\obj\stm32f1xx_hal_flash_ex.o
 .debug_str     0x00000000      0x659 ..\obj\stm32f1xx_hal_flash_ex.o
 .comment       0x00000000       0x6f ..\obj\stm32f1xx_hal_flash_ex.o
 .debug_frame   0x00000000      0x238 ..\obj\stm32f1xx_hal_flash_ex.o
 .ARM.attributes
                0x00000000       0x33 ..\obj\stm32f1xx_hal_flash_ex.o
 .text          0x00000000     0x161c ..\obj\stm32f1xx_hal_usart.o
 .data          0x00000000        0x0 ..\obj\stm32f1xx_hal_usart.o
 .bss           0x00000000        0x0 ..\obj\stm32f1xx_hal_usart.o
 .debug_info    0x00000000      0xde1 ..\obj\stm32f1xx_hal_usart.o
 .debug_abbrev  0x00000000      0x217 ..\obj\stm32f1xx_hal_usart.o
 .debug_aranges
                0x00000000       0x20 ..\obj\stm32f1xx_hal_usart.o
 .debug_line    0x00000000      0x787 ..\obj\stm32f1xx_hal_usart.o
 .debug_str     0x00000000      0x935 ..\obj\stm32f1xx_hal_usart.o
 .comment       0x00000000       0x6f ..\obj\stm32f1xx_hal_usart.o
 .debug_frame   0x00000000      0x56c ..\obj\stm32f1xx_hal_usart.o
 .ARM.attributes
                0x00000000       0x33 ..\obj\stm32f1xx_hal_usart.o
 .text          0x00000000        0x0 ..\obj\stm32f1xx_hal_nand.o
 .data          0x00000000        0x0 ..\obj\stm32f1xx_hal_nand.o
 .bss           0x00000000        0x0 ..\obj\stm32f1xx_hal_nand.o
 .debug_info    0x00000000       0xa0 ..\obj\stm32f1xx_hal_nand.o
 .debug_abbrev  0x00000000       0x4b ..\obj\stm32f1xx_hal_nand.o
 .debug_aranges
                0x00000000       0x18 ..\obj\stm32f1xx_hal_nand.o
 .debug_line    0x00000000      0x150 ..\obj\stm32f1xx_hal_nand.o
 .debug_str     0x00000000      0x1e4 ..\obj\stm32f1xx_hal_nand.o
 .comment       0x00000000       0x6f ..\obj\stm32f1xx_hal_nand.o
 .ARM.attributes
                0x00000000       0x33 ..\obj\stm32f1xx_hal_nand.o
 .text          0x00000000        0x0 ..\obj\stm32f1xx_hal_dac_ex.o
 .data          0x00000000        0x0 ..\obj\stm32f1xx_hal_dac_ex.o
 .bss           0x00000000        0x0 ..\obj\stm32f1xx_hal_dac_ex.o
 .debug_info    0x00000000       0xa0 ..\obj\stm32f1xx_hal_dac_ex.o
 .debug_abbrev  0x00000000       0x4b ..\obj\stm32f1xx_hal_dac_ex.o
 .debug_aranges
                0x00000000       0x18 ..\obj\stm32f1xx_hal_dac_ex.o
 .debug_line    0x00000000      0x150 ..\obj\stm32f1xx_hal_dac_ex.o
 .debug_str     0x00000000      0x1e6 ..\obj\stm32f1xx_hal_dac_ex.o
 .comment       0x00000000       0x6f ..\obj\stm32f1xx_hal_dac_ex.o
 .ARM.attributes
                0x00000000       0x33 ..\obj\stm32f1xx_hal_dac_ex.o
 .text          0x00000000        0x0 ..\obj\stm32f1xx_hal_cec.o
 .data          0x00000000        0x0 ..\obj\stm32f1xx_hal_cec.o
 .bss           0x00000000        0x0 ..\obj\stm32f1xx_hal_cec.o
 .debug_info    0x00000000       0xa0 ..\obj\stm32f1xx_hal_cec.o
 .debug_abbrev  0x00000000       0x4b ..\obj\stm32f1xx_hal_cec.o
 .debug_aranges
                0x00000000       0x18 ..\obj\stm32f1xx_hal_cec.o
 .debug_line    0x00000000      0x150 ..\obj\stm32f1xx_hal_cec.o
 .debug_str     0x00000000      0x1e3 ..\obj\stm32f1xx_hal_cec.o
 .comment       0x00000000       0x6f ..\obj\stm32f1xx_hal_cec.o
 .ARM.attributes
                0x00000000       0x33 ..\obj\stm32f1xx_hal_cec.o
 .text          0x00000000      0x18c ..\obj\stm32f1xx_hal_iwdg.o
 .data          0x00000000        0x0 ..\obj\stm32f1xx_hal_iwdg.o
 .bss           0x00000000        0x0 ..\obj\stm32f1xx_hal_iwdg.o
 .debug_info    0x00000000      0x305 ..\obj\stm32f1xx_hal_iwdg.o
 .debug_abbrev  0x00000000      0x175 ..\obj\stm32f1xx_hal_iwdg.o
 .debug_aranges
                0x00000000       0x20 ..\obj\stm32f1xx_hal_iwdg.o
 .debug_line    0x00000000      0x2a1 ..\obj\stm32f1xx_hal_iwdg.o
 .debug_str     0x00000000      0x39a ..\obj\stm32f1xx_hal_iwdg.o
 .comment       0x00000000       0x6f ..\obj\stm32f1xx_hal_iwdg.o
 .debug_frame   0x00000000       0xd0 ..\obj\stm32f1xx_hal_iwdg.o
 .ARM.attributes
                0x00000000       0x33 ..\obj\stm32f1xx_hal_iwdg.o
 .text          0x00000000     0x147c ..\obj\stm32f1xx_hal_tim_ex.o
 .data          0x00000000        0x0 ..\obj\stm32f1xx_hal_tim_ex.o
 .bss           0x00000000        0x0 ..\obj\stm32f1xx_hal_tim_ex.o
 .debug_info    0x00000000      0xea3 ..\obj\stm32f1xx_hal_tim_ex.o
 .debug_abbrev  0x00000000      0x1ff ..\obj\stm32f1xx_hal_tim_ex.o
 .debug_aranges
                0x00000000       0x20 ..\obj\stm32f1xx_hal_tim_ex.o
 .debug_line    0x00000000      0x608 ..\obj\stm32f1xx_hal_tim_ex.o
 .debug_str     0x00000000      0xb91 ..\obj\stm32f1xx_hal_tim_ex.o
 .comment       0x00000000       0x6f ..\obj\stm32f1xx_hal_tim_ex.o
 .debug_frame   0x00000000      0x54c ..\obj\stm32f1xx_hal_tim_ex.o
 .ARM.attributes
                0x00000000       0x33 ..\obj\stm32f1xx_hal_tim_ex.o
 .text          0x00000000        0x0 ..\obj\stm32f1xx_ll_sdmmc.o
 .data          0x00000000        0x0 ..\obj\stm32f1xx_ll_sdmmc.o
 .bss           0x00000000        0x0 ..\obj\stm32f1xx_ll_sdmmc.o
 .debug_info    0x00000000       0xa0 ..\obj\stm32f1xx_ll_sdmmc.o
 .debug_abbrev  0x00000000       0x4b ..\obj\stm32f1xx_ll_sdmmc.o
 .debug_aranges
                0x00000000       0x18 ..\obj\stm32f1xx_ll_sdmmc.o
 .debug_line    0x00000000      0x150 ..\obj\stm32f1xx_ll_sdmmc.o
 .debug_str     0x00000000      0x1e4 ..\obj\stm32f1xx_ll_sdmmc.o
 .comment       0x00000000       0x6f ..\obj\stm32f1xx_ll_sdmmc.o
 .ARM.attributes
                0x00000000       0x33 ..\obj\stm32f1xx_ll_sdmmc.o
 .text          0x00000000     0x1148 ..\obj\stm32f1xx_hal_pcd.o
 .data          0x00000000        0x0 ..\obj\stm32f1xx_hal_pcd.o
 .bss           0x00000000        0x0 ..\obj\stm32f1xx_hal_pcd.o
 .debug_info    0x00000000      0xcb6 ..\obj\stm32f1xx_hal_pcd.o
 .debug_abbrev  0x00000000      0x232 ..\obj\stm32f1xx_hal_pcd.o
 .debug_aranges
                0x00000000       0x20 ..\obj\stm32f1xx_hal_pcd.o
 .debug_line    0x00000000      0x55b ..\obj\stm32f1xx_hal_pcd.o
 .debug_str     0x00000000      0x8c1 ..\obj\stm32f1xx_hal_pcd.o
 .comment       0x00000000       0x6f ..\obj\stm32f1xx_hal_pcd.o
 .debug_frame   0x00000000      0x4fc ..\obj\stm32f1xx_hal_pcd.o
 .ARM.attributes
                0x00000000       0x33 ..\obj\stm32f1xx_hal_pcd.o
 .text          0x00000000     0x1180 ..\obj\stm32f1xx_hal_rtc.o
 .data          0x00000000        0x0 ..\obj\stm32f1xx_hal_rtc.o
 .bss           0x00000000        0x0 ..\obj\stm32f1xx_hal_rtc.o
 .debug_info    0x00000000      0xc94 ..\obj\stm32f1xx_hal_rtc.o
 .debug_abbrev  0x00000000      0x1fb ..\obj\stm32f1xx_hal_rtc.o
 .debug_aranges
                0x00000000       0x20 ..\obj\stm32f1xx_hal_rtc.o
 .debug_line    0x00000000      0x53c ..\obj\stm32f1xx_hal_rtc.o
 .debug_str     0x00000000      0x728 ..\obj\stm32f1xx_hal_rtc.o
 .comment       0x00000000       0x6f ..\obj\stm32f1xx_hal_rtc.o
 .debug_frame   0x00000000      0x438 ..\obj\stm32f1xx_hal_rtc.o
 .ARM.attributes
                0x00000000       0x33 ..\obj\stm32f1xx_hal_rtc.o
 .text          0x00000000      0xe34 ..\obj\stm32f1xx_hal_smartcard.o
 .data          0x00000000        0x0 ..\obj\stm32f1xx_hal_smartcard.o
 .bss           0x00000000        0x0 ..\obj\stm32f1xx_hal_smartcard.o
 .debug_info    0x00000000      0xb3f ..\obj\stm32f1xx_hal_smartcard.o
 .debug_abbrev  0x00000000      0x23e ..\obj\stm32f1xx_hal_smartcard.o
 .debug_aranges
                0x00000000       0x20 ..\obj\stm32f1xx_hal_smartcard.o
 .debug_line    0x00000000      0x52d ..\obj\stm32f1xx_hal_smartcard.o
 .debug_str     0x00000000      0x8c3 ..\obj\stm32f1xx_hal_smartcard.o
 .comment       0x00000000       0x6f ..\obj\stm32f1xx_hal_smartcard.o
 .debug_frame   0x00000000      0x3a4 ..\obj\stm32f1xx_hal_smartcard.o
 .ARM.attributes
                0x00000000       0x33 ..\obj\stm32f1xx_hal_smartcard.o
 .text          0x00000000      0x3d8 ..\obj\stm32f1xx_hal_pwr.o
 .data          0x00000000        0x0 ..\obj\stm32f1xx_hal_pwr.o
 .bss           0x00000000        0x0 ..\obj\stm32f1xx_hal_pwr.o
 .debug_info    0x00000000      0x8dc ..\obj\stm32f1xx_hal_pwr.o
 .debug_abbrev  0x00000000      0x247 ..\obj\stm32f1xx_hal_pwr.o
 .debug_aranges
                0x00000000       0x20 ..\obj\stm32f1xx_hal_pwr.o
 .debug_line    0x00000000      0x325 ..\obj\stm32f1xx_hal_pwr.o
 .debug_str     0x00000000      0x4f3 ..\obj\stm32f1xx_hal_pwr.o
 .comment       0x00000000       0x6f ..\obj\stm32f1xx_hal_pwr.o
 .debug_frame   0x00000000      0x290 ..\obj\stm32f1xx_hal_pwr.o
 .ARM.attributes
                0x00000000       0x33 ..\obj\stm32f1xx_hal_pwr.o
 .text          0x00000000        0x0 ..\obj\stm32f1xx_hal_dac.o
 .data          0x00000000        0x0 ..\obj\stm32f1xx_hal_dac.o
 .bss           0x00000000        0x0 ..\obj\stm32f1xx_hal_dac.o
 .debug_info    0x00000000       0xa0 ..\obj\stm32f1xx_hal_dac.o
 .debug_abbrev  0x00000000       0x4b ..\obj\stm32f1xx_hal_dac.o
 .debug_aranges
                0x00000000       0x18 ..\obj\stm32f1xx_hal_dac.o
 .debug_line    0x00000000      0x150 ..\obj\stm32f1xx_hal_dac.o
 .debug_str     0x00000000      0x1e3 ..\obj\stm32f1xx_hal_dac.o
 .comment       0x00000000       0x6f ..\obj\stm32f1xx_hal_dac.o
 .ARM.attributes
                0x00000000       0x33 ..\obj\stm32f1xx_hal_dac.o
 .text          0x00000000      0x24c ..\obj\stm32f1xx_hal.o
 .data          0x00000000        0x0 ..\obj\stm32f1xx_hal.o
 .bss           0x00000000        0x4 ..\obj\stm32f1xx_hal.o
 .debug_info    0x00000000      0x64c ..\obj\stm32f1xx_hal.o
 .debug_abbrev  0x00000000      0x209 ..\obj\stm32f1xx_hal.o
 .debug_aranges
                0x00000000       0x20 ..\obj\stm32f1xx_hal.o
 .debug_line    0x00000000      0x28a ..\obj\stm32f1xx_hal.o
 .debug_str     0x00000000      0x73d ..\obj\stm32f1xx_hal.o
 .comment       0x00000000       0x6f ..\obj\stm32f1xx_hal.o
 .debug_frame   0x00000000      0x278 ..\obj\stm32f1xx_hal.o
 .ARM.attributes
                0x00000000       0x33 ..\obj\stm32f1xx_hal.o
 .text          0x00000000      0x240 ..\obj\stm32f1xx_hal_wwdg.o
 .data          0x00000000        0x0 ..\obj\stm32f1xx_hal_wwdg.o
 .bss           0x00000000        0x0 ..\obj\stm32f1xx_hal_wwdg.o
 .debug_info    0x00000000      0x3c9 ..\obj\stm32f1xx_hal_wwdg.o
 .debug_abbrev  0x00000000      0x162 ..\obj\stm32f1xx_hal_wwdg.o
 .debug_aranges
                0x00000000       0x20 ..\obj\stm32f1xx_hal_wwdg.o
 .debug_line    0x00000000      0x2d9 ..\obj\stm32f1xx_hal_wwdg.o
 .debug_str     0x00000000      0x3f9 ..\obj\stm32f1xx_hal_wwdg.o
 .comment       0x00000000       0x6f ..\obj\stm32f1xx_hal_wwdg.o
 .debug_frame   0x00000000      0x194 ..\obj\stm32f1xx_hal_wwdg.o
 .ARM.attributes
                0x00000000       0x33 ..\obj\stm32f1xx_hal_wwdg.o
 .text          0x00000000       0x14 ..\obj\startup_stm32f103xb.o
 .data          0x00000000        0x0 ..\obj\startup_stm32f103xb.o
 .bss           0x00000000        0x0 ..\obj\startup_stm32f103xb.o
 .text          0x00000000     0x13f0 ..\obj\stm32f1xx_hal_adc.o
 .data          0x00000000        0x0 ..\obj\stm32f1xx_hal_adc.o
 .bss           0x00000000        0x0 ..\obj\stm32f1xx_hal_adc.o
 .debug_info    0x00000000     0x10b4 ..\obj\stm32f1xx_hal_adc.o
 .debug_abbrev  0x00000000      0x205 ..\obj\stm32f1xx_hal_adc.o
 .debug_aranges
                0x00000000       0x20 ..\obj\stm32f1xx_hal_adc.o
 .debug_line    0x00000000      0x6f7 ..\obj\stm32f1xx_hal_adc.o
 .debug_str     0x00000000      0x88e ..\obj\stm32f1xx_hal_adc.o
 .comment       0x00000000       0x6f ..\obj\stm32f1xx_hal_adc.o
 .debug_frame   0x00000000      0x410 ..\obj\stm32f1xx_hal_adc.o
 .ARM.attributes
                0x00000000       0x33 ..\obj\stm32f1xx_hal_adc.o
 .bss           0x00000000        0x0 ..\obj\system_stm32f1xx.o
 .text          0x00000000      0xe60 ..\obj\stm32f1xx_hal_adc_ex.o
 .data          0x00000000        0x0 ..\obj\stm32f1xx_hal_adc_ex.o
 .bss           0x00000000        0x0 ..\obj\stm32f1xx_hal_adc_ex.o
 .debug_info    0x00000000      0xcd5 ..\obj\stm32f1xx_hal_adc_ex.o
 .debug_abbrev  0x00000000      0x225 ..\obj\stm32f1xx_hal_adc_ex.o
 .debug_aranges
                0x00000000       0x20 ..\obj\stm32f1xx_hal_adc_ex.o
 .debug_line    0x00000000      0x5fb ..\obj\stm32f1xx_hal_adc_ex.o
 .debug_str     0x00000000      0x83e ..\obj\stm32f1xx_hal_adc_ex.o
 .comment       0x00000000       0x6f ..\obj\stm32f1xx_hal_adc_ex.o
 .debug_frame   0x00000000      0x20c ..\obj\stm32f1xx_hal_adc_ex.o
 .ARM.attributes
                0x00000000       0x33 ..\obj\stm32f1xx_hal_adc_ex.o
 .text          0x00000000        0x0 ..\obj\stm32f1xx_hal_sram.o
 .data          0x00000000        0x0 ..\obj\stm32f1xx_hal_sram.o
 .bss           0x00000000        0x0 ..\obj\stm32f1xx_hal_sram.o
 .debug_info    0x00000000       0xa0 ..\obj\stm32f1xx_hal_sram.o
 .debug_abbrev  0x00000000       0x4b ..\obj\stm32f1xx_hal_sram.o
 .debug_aranges
                0x00000000       0x18 ..\obj\stm32f1xx_hal_sram.o
 .debug_line    0x00000000      0x150 ..\obj\stm32f1xx_hal_sram.o
 .debug_str     0x00000000      0x1e4 ..\obj\stm32f1xx_hal_sram.o
 .comment       0x00000000       0x6f ..\obj\stm32f1xx_hal_sram.o
 .ARM.attributes
                0x00000000       0x33 ..\obj\stm32f1xx_hal_sram.o
 .text          0x00000000      0x19c ..\obj\stm32f1xx_hal_crc.o
 .data          0x00000000        0x0 ..\obj\stm32f1xx_hal_crc.o
 .bss           0x00000000        0x0 ..\obj\stm32f1xx_hal_crc.o
 .debug_info    0x00000000      0x38d ..\obj\stm32f1xx_hal_crc.o
 .debug_abbrev  0x00000000      0x16e ..\obj\stm32f1xx_hal_crc.o
 .debug_aranges
                0x00000000       0x20 ..\obj\stm32f1xx_hal_crc.o
 .debug_line    0x00000000      0x29f ..\obj\stm32f1xx_hal_crc.o
 .debug_str     0x00000000      0x3d1 ..\obj\stm32f1xx_hal_crc.o
 .comment       0x00000000       0x6f ..\obj\stm32f1xx_hal_crc.o
 .debug_frame   0x00000000      0x120 ..\obj\stm32f1xx_hal_crc.o
 .ARM.attributes
                0x00000000       0x33 ..\obj\stm32f1xx_hal_crc.o
 .data          0x00000000        0x0 ..\obj\main.o
 .bss           0x00000000        0x0 ..\obj\main.o
 .text          0x00000000       0xe0 ..\obj\stm32f1xx_hal_spi_ex.o
 .data          0x00000000        0x0 ..\obj\stm32f1xx_hal_spi_ex.o
 .bss           0x00000000        0x1 ..\obj\stm32f1xx_hal_spi_ex.o
 .debug_info    0x00000000      0x58b ..\obj\stm32f1xx_hal_spi_ex.o
 .debug_abbrev  0x00000000      0x151 ..\obj\stm32f1xx_hal_spi_ex.o
 .debug_aranges
                0x00000000       0x20 ..\obj\stm32f1xx_hal_spi_ex.o
 .debug_line    0x00000000      0x24e ..\obj\stm32f1xx_hal_spi_ex.o
 .debug_str     0x00000000      0x61e ..\obj\stm32f1xx_hal_spi_ex.o
 .comment       0x00000000       0x6f ..\obj\stm32f1xx_hal_spi_ex.o
 .debug_frame   0x00000000       0x5c ..\obj\stm32f1xx_hal_spi_ex.o
 .ARM.attributes
                0x00000000       0x33 ..\obj\stm32f1xx_hal_spi_ex.o
 .text          0x00000000      0x444 ..\obj\stm32f1xx_hal_rcc_ex.o
 .data          0x00000000        0x0 ..\obj\stm32f1xx_hal_rcc_ex.o
 .bss           0x00000000        0x0 ..\obj\stm32f1xx_hal_rcc_ex.o
 .rodata        0x00000000       0x12 ..\obj\stm32f1xx_hal_rcc_ex.o
 .debug_info    0x00000000      0x6ec ..\obj\stm32f1xx_hal_rcc_ex.o
 .debug_abbrev  0x00000000      0x1eb ..\obj\stm32f1xx_hal_rcc_ex.o
 .debug_aranges
                0x00000000       0x20 ..\obj\stm32f1xx_hal_rcc_ex.o
 .debug_line    0x00000000      0x385 ..\obj\stm32f1xx_hal_rcc_ex.o
 .debug_str     0x00000000      0x3f3 ..\obj\stm32f1xx_hal_rcc_ex.o
 .comment       0x00000000       0x6f ..\obj\stm32f1xx_hal_rcc_ex.o
 .debug_frame   0x00000000       0x84 ..\obj\stm32f1xx_hal_rcc_ex.o
 .ARM.attributes
                0x00000000       0x33 ..\obj\stm32f1xx_hal_rcc_ex.o
 .text          0x00000000     0x134c ..\obj\stm32f1xx_ll_usb.o
 .data          0x00000000        0x0 ..\obj\stm32f1xx_ll_usb.o
 .bss           0x00000000        0x0 ..\obj\stm32f1xx_ll_usb.o
 .debug_info    0x00000000      0xe64 ..\obj\stm32f1xx_ll_usb.o
 .debug_abbrev  0x00000000      0x18e ..\obj\stm32f1xx_ll_usb.o
 .debug_aranges
                0x00000000       0x20 ..\obj\stm32f1xx_ll_usb.o
 .debug_line    0x00000000      0x50f ..\obj\stm32f1xx_ll_usb.o
 .debug_str     0x00000000      0x750 ..\obj\stm32f1xx_ll_usb.o
 .comment       0x00000000       0x6f ..\obj\stm32f1xx_ll_usb.o
 .debug_frame   0x00000000      0x4b0 ..\obj\stm32f1xx_ll_usb.o
 .ARM.attributes
                0x00000000       0x33 ..\obj\stm32f1xx_ll_usb.o
 .text          0x00000000     0x1298 ..\obj\stm32f1xx_hal_can.o
 .data          0x00000000        0x0 ..\obj\stm32f1xx_hal_can.o
 .bss           0x00000000        0x0 ..\obj\stm32f1xx_hal_can.o
 .debug_info    0x00000000      0xa74 ..\obj\stm32f1xx_hal_can.o
 .debug_abbrev  0x00000000      0x1db ..\obj\stm32f1xx_hal_can.o
 .debug_aranges
                0x00000000       0x20 ..\obj\stm32f1xx_hal_can.o
 .debug_line    0x00000000      0x537 ..\obj\stm32f1xx_hal_can.o
 .debug_str     0x00000000      0x738 ..\obj\stm32f1xx_hal_can.o
 .comment       0x00000000       0x6f ..\obj\stm32f1xx_hal_can.o
 .debug_frame   0x00000000      0x2f0 ..\obj\stm32f1xx_hal_can.o
 .ARM.attributes
                0x00000000       0x33 ..\obj\stm32f1xx_hal_can.o
 .text          0x00000000      0x53c ..\obj\stm32f1xx_hal_cortex.o
 .data          0x00000000        0x0 ..\obj\stm32f1xx_hal_cortex.o
 .bss           0x00000000        0x0 ..\obj\stm32f1xx_hal_cortex.o
 .debug_info    0x00000000      0xa9b ..\obj\stm32f1xx_hal_cortex.o
 .debug_abbrev  0x00000000      0x270 ..\obj\stm32f1xx_hal_cortex.o
 .debug_aranges
                0x00000000       0x20 ..\obj\stm32f1xx_hal_cortex.o
 .debug_line    0x00000000      0x328 ..\obj\stm32f1xx_hal_cortex.o
 .debug_str     0x00000000      0x8d6 ..\obj\stm32f1xx_hal_cortex.o
 .comment       0x00000000       0x6f ..\obj\stm32f1xx_hal_cortex.o
 .debug_frame   0x00000000      0x428 ..\obj\stm32f1xx_hal_cortex.o
 .ARM.attributes
                0x00000000       0x33 ..\obj\stm32f1xx_hal_cortex.o
 .text          0x00000000      0x454 ..\obj\stm32f1xx_hal_rtc_ex.o
 .data          0x00000000        0x0 ..\obj\stm32f1xx_hal_rtc_ex.o
 .bss           0x00000000        0x0 ..\obj\stm32f1xx_hal_rtc_ex.o
 .debug_info    0x00000000      0x6cd ..\obj\stm32f1xx_hal_rtc_ex.o
 .debug_abbrev  0x00000000      0x1ba ..\obj\stm32f1xx_hal_rtc_ex.o
 .debug_aranges
                0x00000000       0x20 ..\obj\stm32f1xx_hal_rtc_ex.o
 .debug_line    0x00000000      0x3a6 ..\obj\stm32f1xx_hal_rtc_ex.o
 .debug_str     0x00000000      0x5d5 ..\obj\stm32f1xx_hal_rtc_ex.o
 .comment       0x00000000       0x6f ..\obj\stm32f1xx_hal_rtc_ex.o
 .debug_frame   0x00000000      0x234 ..\obj\stm32f1xx_hal_rtc_ex.o
 .ARM.attributes
                0x00000000       0x33 ..\obj\stm32f1xx_hal_rtc_ex.o
 .text          0x00000000        0x0 ..\obj\stm32f1xx_hal_i2s.o
 .data          0x00000000        0x0 ..\obj\stm32f1xx_hal_i2s.o
 .bss           0x00000000        0x0 ..\obj\stm32f1xx_hal_i2s.o
 .debug_info    0x00000000       0xa0 ..\obj\stm32f1xx_hal_i2s.o
 .debug_abbrev  0x00000000       0x4b ..\obj\stm32f1xx_hal_i2s.o
 .debug_aranges
                0x00000000       0x18 ..\obj\stm32f1xx_hal_i2s.o
 .debug_line    0x00000000      0x150 ..\obj\stm32f1xx_hal_i2s.o
 .debug_str     0x00000000      0x1e3 ..\obj\stm32f1xx_hal_i2s.o
 .comment       0x00000000       0x6f ..\obj\stm32f1xx_hal_i2s.o
 .ARM.attributes
                0x00000000       0x33 ..\obj\stm32f1xx_hal_i2s.o
 .text          0x00000000        0x0 ..\obj\stm32f1xx_ll_fsmc.o
 .data          0x00000000        0x0 ..\obj\stm32f1xx_ll_fsmc.o
 .bss           0x00000000        0x0 ..\obj\stm32f1xx_ll_fsmc.o
 .debug_info    0x00000000       0xa0 ..\obj\stm32f1xx_ll_fsmc.o
 .debug_abbrev  0x00000000       0x4b ..\obj\stm32f1xx_ll_fsmc.o
 .debug_aranges
                0x00000000       0x18 ..\obj\stm32f1xx_ll_fsmc.o
 .debug_line    0x00000000      0x150 ..\obj\stm32f1xx_ll_fsmc.o
 .debug_str     0x00000000      0x1e3 ..\obj\stm32f1xx_ll_fsmc.o
 .comment       0x00000000       0x6f ..\obj\stm32f1xx_ll_fsmc.o
 .ARM.attributes
                0x00000000       0x33 ..\obj\stm32f1xx_ll_fsmc.o
 .text          0x00000000     0x11e0 ..\obj\stm32f1xx_hal_irda.o
 .data          0x00000000        0x0 ..\obj\stm32f1xx_hal_irda.o
 .bss           0x00000000        0x0 ..\obj\stm32f1xx_hal_irda.o
 .debug_info    0x00000000      0xcaf ..\obj\stm32f1xx_hal_irda.o
 .debug_abbrev  0x00000000      0x217 ..\obj\stm32f1xx_hal_irda.o
 .debug_aranges
                0x00000000       0x20 ..\obj\stm32f1xx_hal_irda.o
 .debug_line    0x00000000      0x59b ..\obj\stm32f1xx_hal_irda.o
 .debug_str     0x00000000      0x875 ..\obj\stm32f1xx_hal_irda.o
 .comment       0x00000000       0x6f ..\obj\stm32f1xx_hal_irda.o
 .debug_frame   0x00000000      0x4b0 ..\obj\stm32f1xx_hal_irda.o
 .ARM.attributes
                0x00000000       0x33 ..\obj\stm32f1xx_hal_irda.o
 .text          0x00000000      0xbd8 ..\obj\stm32f1xx_hal_dma.o
 .data          0x00000000        0x0 ..\obj\stm32f1xx_hal_dma.o
 .bss           0x00000000        0x0 ..\obj\stm32f1xx_hal_dma.o
 .debug_info    0x00000000      0x588 ..\obj\stm32f1xx_hal_dma.o
 .debug_abbrev  0x00000000      0x1b5 ..\obj\stm32f1xx_hal_dma.o
 .debug_aranges
                0x00000000       0x20 ..\obj\stm32f1xx_hal_dma.o
 .debug_line    0x00000000      0x777 ..\obj\stm32f1xx_hal_dma.o
 .debug_str     0x00000000      0x526 ..\obj\stm32f1xx_hal_dma.o
 .comment       0x00000000       0x6f ..\obj\stm32f1xx_hal_dma.o
 .debug_frame   0x00000000      0x194 ..\obj\stm32f1xx_hal_dma.o
 .ARM.attributes
                0x00000000       0x33 ..\obj\stm32f1xx_hal_dma.o
 .text          0x00000000     0x2188 ..\obj\stm32f1xx_hal_rcc.o
 .data          0x00000000        0x0 ..\obj\stm32f1xx_hal_rcc.o
 .bss           0x00000000        0x0 ..\obj\stm32f1xx_hal_rcc.o
 .rodata        0x00000000       0x22 ..\obj\stm32f1xx_hal_rcc.o
 .debug_info    0x00000000     0x2654 ..\obj\stm32f1xx_hal_rcc.o
 .debug_abbrev  0x00000000      0x2b8 ..\obj\stm32f1xx_hal_rcc.o
 .debug_aranges
                0x00000000       0x20 ..\obj\stm32f1xx_hal_rcc.o
 .debug_line    0x00000000      0xe9e ..\obj\stm32f1xx_hal_rcc.o
 .debug_str     0x00000000      0x60e ..\obj\stm32f1xx_hal_rcc.o
 .comment       0x00000000       0x6f ..\obj\stm32f1xx_hal_rcc.o
 .debug_frame   0x00000000      0x220 ..\obj\stm32f1xx_hal_rcc.o
 .ARM.attributes
                0x00000000       0x33 ..\obj\stm32f1xx_hal_rcc.o
 .text          0x00000000        0x0 ..\obj\stm32f1xx_hal_eth.o
 .data          0x00000000        0x0 ..\obj\stm32f1xx_hal_eth.o
 .bss           0x00000000        0x0 ..\obj\stm32f1xx_hal_eth.o
 .debug_info    0x00000000       0xa0 ..\obj\stm32f1xx_hal_eth.o
 .debug_abbrev  0x00000000       0x4b ..\obj\stm32f1xx_hal_eth.o
 .debug_aranges
                0x00000000       0x18 ..\obj\stm32f1xx_hal_eth.o
 .debug_line    0x00000000      0x150 ..\obj\stm32f1xx_hal_eth.o
 .debug_str     0x00000000      0x1e3 ..\obj\stm32f1xx_hal_eth.o
 .comment       0x00000000       0x6f ..\obj\stm32f1xx_hal_eth.o
 .ARM.attributes
                0x00000000       0x33 ..\obj\stm32f1xx_hal_eth.o
 .text          0x00000000        0x0 ..\obj\stm32f1xx_hal_sd.o
 .data          0x00000000        0x0 ..\obj\stm32f1xx_hal_sd.o
 .bss           0x00000000        0x0 ..\obj\stm32f1xx_hal_sd.o
 .debug_info    0x00000000       0xa0 ..\obj\stm32f1xx_hal_sd.o
 .debug_abbrev  0x00000000       0x4b ..\obj\stm32f1xx_hal_sd.o
 .debug_aranges
                0x00000000       0x18 ..\obj\stm32f1xx_hal_sd.o
 .debug_line    0x00000000      0x150 ..\obj\stm32f1xx_hal_sd.o
 .debug_str     0x00000000      0x1e2 ..\obj\stm32f1xx_hal_sd.o
 .comment       0x00000000       0x6f ..\obj\stm32f1xx_hal_sd.o
 .ARM.attributes
                0x00000000       0x33 ..\obj\stm32f1xx_hal_sd.o
 .text          0x00000000        0x0 ..\obj\stm32f1xx_hal_pccard.o
 .data          0x00000000        0x0 ..\obj\stm32f1xx_hal_pccard.o
 .bss           0x00000000        0x0 ..\obj\stm32f1xx_hal_pccard.o
 .debug_info    0x00000000       0xa0 ..\obj\stm32f1xx_hal_pccard.o
 .debug_abbrev  0x00000000       0x4b ..\obj\stm32f1xx_hal_pccard.o
 .debug_aranges
                0x00000000       0x18 ..\obj\stm32f1xx_hal_pccard.o
 .debug_line    0x00000000      0x150 ..\obj\stm32f1xx_hal_pccard.o
 .debug_str     0x00000000      0x1e6 ..\obj\stm32f1xx_hal_pccard.o
 .comment       0x00000000       0x6f ..\obj\stm32f1xx_hal_pccard.o
 .ARM.attributes
                0x00000000       0x33 ..\obj\stm32f1xx_hal_pccard.o
 .text          0x00000000       0x94 ..\obj\stm32f1xx_hal_pcd_ex.o
 .data          0x00000000        0x0 ..\obj\stm32f1xx_hal_pcd_ex.o
 .bss           0x00000000        0x0 ..\obj\stm32f1xx_hal_pcd_ex.o
 .debug_info    0x00000000      0x5a2 ..\obj\stm32f1xx_hal_pcd_ex.o
 .debug_abbrev  0x00000000      0x15c ..\obj\stm32f1xx_hal_pcd_ex.o
 .debug_aranges
                0x00000000       0x20 ..\obj\stm32f1xx_hal_pcd_ex.o
 .debug_line    0x00000000      0x242 ..\obj\stm32f1xx_hal_pcd_ex.o
 .debug_str     0x00000000      0x57d ..\obj\stm32f1xx_hal_pcd_ex.o
 .comment       0x00000000       0x6f ..\obj\stm32f1xx_hal_pcd_ex.o
 .debug_frame   0x00000000       0x60 ..\obj\stm32f1xx_hal_pcd_ex.o
 .ARM.attributes
                0x00000000       0x33 ..\obj\stm32f1xx_hal_pcd_ex.o
 .text          0x00000000     0x3c20 ..\obj\stm32f1xx_hal_tim.o
 .data          0x00000000        0x0 ..\obj\stm32f1xx_hal_tim.o
 .bss           0x00000000        0x0 ..\obj\stm32f1xx_hal_tim.o
 .debug_info    0x00000000     0x2106 ..\obj\stm32f1xx_hal_tim.o
 .debug_abbrev  0x00000000      0x208 ..\obj\stm32f1xx_hal_tim.o
 .debug_aranges
                0x00000000       0x20 ..\obj\stm32f1xx_hal_tim.o
 .debug_line    0x00000000      0xc0b ..\obj\stm32f1xx_hal_tim.o
 .debug_str     0x00000000     0x12fc ..\obj\stm32f1xx_hal_tim.o
 .comment       0x00000000       0x6f ..\obj\stm32f1xx_hal_tim.o
 .debug_frame   0x00000000      0xfb4 ..\obj\stm32f1xx_hal_tim.o
 .ARM.attributes
                0x00000000       0x33 ..\obj\stm32f1xx_hal_tim.o
 .text          0x00000000     0x1f40 ..\obj\stm32f1xx_hal_spi.o
 .data          0x00000000        0x0 ..\obj\stm32f1xx_hal_spi.o
 .bss           0x00000000        0x0 ..\obj\stm32f1xx_hal_spi.o
 .debug_info    0x00000000      0xe62 ..\obj\stm32f1xx_hal_spi.o
 .debug_abbrev  0x00000000      0x1fd ..\obj\stm32f1xx_hal_spi.o
 .debug_aranges
                0x00000000       0x20 ..\obj\stm32f1xx_hal_spi.o
 .debug_line    0x00000000      0x869 ..\obj\stm32f1xx_hal_spi.o
 .debug_str     0x00000000      0x969 ..\obj\stm32f1xx_hal_spi.o
 .comment       0x00000000       0x6f ..\obj\stm32f1xx_hal_spi.o
 .debug_frame   0x00000000      0x5fc ..\obj\stm32f1xx_hal_spi.o
 .ARM.attributes
                0x00000000       0x33 ..\obj\stm32f1xx_hal_spi.o
 .text          0x00000000     0x3204 ..\obj\stm32f1xx_hal_i2c.o
 .data          0x00000000        0x0 ..\obj\stm32f1xx_hal_i2c.o
 .bss           0x00000000        0x0 ..\obj\stm32f1xx_hal_i2c.o
 .debug_info    0x00000000     0x18ce ..\obj\stm32f1xx_hal_i2c.o
 .debug_abbrev  0x00000000      0x20a ..\obj\stm32f1xx_hal_i2c.o
 .debug_aranges
                0x00000000       0x20 ..\obj\stm32f1xx_hal_i2c.o
 .debug_line    0x00000000      0xc6d ..\obj\stm32f1xx_hal_i2c.o
 .debug_str     0x00000000      0xbc3 ..\obj\stm32f1xx_hal_i2c.o
 .comment       0x00000000       0x6f ..\obj\stm32f1xx_hal_i2c.o
 .debug_frame   0x00000000      0x8cc ..\obj\stm32f1xx_hal_i2c.o
 .ARM.attributes
                0x00000000       0x33 ..\obj\stm32f1xx_hal_i2c.o
 .text          0x00000000     0x1540 ..\obj\stm32f1xx_hal_uart.o
 .data          0x00000000        0x0 ..\obj\stm32f1xx_hal_uart.o
 .bss           0x00000000        0x0 ..\obj\stm32f1xx_hal_uart.o
 .debug_info    0x00000000      0xe47 ..\obj\stm32f1xx_hal_uart.o
 .debug_abbrev  0x00000000      0x217 ..\obj\stm32f1xx_hal_uart.o
 .debug_aranges
                0x00000000       0x20 ..\obj\stm32f1xx_hal_uart.o
 .debug_line    0x00000000      0x6a5 ..\obj\stm32f1xx_hal_uart.o
 .debug_str     0x00000000      0x969 ..\obj\stm32f1xx_hal_uart.o
 .comment       0x00000000       0x6f ..\obj\stm32f1xx_hal_uart.o
 .debug_frame   0x00000000      0x5e0 ..\obj\stm32f1xx_hal_uart.o
 .ARM.attributes
                0x00000000       0x33 ..\obj\stm32f1xx_hal_uart.o
 .text          0x00000000       0x64 ..\obj\stm32f1xx_hal_gpio_ex.o
 .data          0x00000000        0x0 ..\obj\stm32f1xx_hal_gpio_ex.o
 .bss           0x00000000        0x0 ..\obj\stm32f1xx_hal_gpio_ex.o
 .debug_info    0x00000000      0x183 ..\obj\stm32f1xx_hal_gpio_ex.o
 .debug_abbrev  0x00000000       0xcb ..\obj\stm32f1xx_hal_gpio_ex.o
 .debug_aranges
                0x00000000       0x20 ..\obj\stm32f1xx_hal_gpio_ex.o
 .debug_line    0x00000000      0x1f7 ..\obj\stm32f1xx_hal_gpio_ex.o
 .debug_str     0x00000000      0x297 ..\obj\stm32f1xx_hal_gpio_ex.o
 .comment       0x00000000       0x6f ..\obj\stm32f1xx_hal_gpio_ex.o
 .debug_frame   0x00000000       0x78 ..\obj\stm32f1xx_hal_gpio_ex.o
 .ARM.attributes
                0x00000000       0x33 ..\obj\stm32f1xx_hal_gpio_ex.o
 .text          0x00000000      0x558 ..\obj\stm32f1xx_hal_gpio.o
 .data          0x00000000        0x0 ..\obj\stm32f1xx_hal_gpio.o
 .bss           0x00000000        0x0 ..\obj\stm32f1xx_hal_gpio.o
 .debug_info    0x00000000      0x5f5 ..\obj\stm32f1xx_hal_gpio.o
 .debug_abbrev  0x00000000      0x1ac ..\obj\stm32f1xx_hal_gpio.o
 .debug_aranges
                0x00000000       0x20 ..\obj\stm32f1xx_hal_gpio.o
 .debug_line    0x00000000      0x3b1 ..\obj\stm32f1xx_hal_gpio.o
 .debug_str     0x00000000      0x446 ..\obj\stm32f1xx_hal_gpio.o
 .comment       0x00000000       0x6f ..\obj\stm32f1xx_hal_gpio.o
 .debug_frame   0x00000000      0x14c ..\obj\stm32f1xx_hal_gpio.o
 .ARM.attributes
                0x00000000       0x33 ..\obj\stm32f1xx_hal_gpio.o
 .text          0x00000000      0x55c ..\obj\stm32f1xx_hal_flash.o
 .data          0x00000000        0x0 ..\obj\stm32f1xx_hal_flash.o
 .bss           0x00000000        0x0 ..\obj\stm32f1xx_hal_flash.o
 .debug_info    0x00000000      0x4e8 ..\obj\stm32f1xx_hal_flash.o
 .debug_abbrev  0x00000000      0x1df ..\obj\stm32f1xx_hal_flash.o
 .debug_aranges
                0x00000000       0x20 ..\obj\stm32f1xx_hal_flash.o
 .debug_line    0x00000000      0x359 ..\obj\stm32f1xx_hal_flash.o
 .debug_str     0x00000000      0x538 ..\obj\stm32f1xx_hal_flash.o
 .comment       0x00000000       0x6f ..\obj\stm32f1xx_hal_flash.o
 .debug_frame   0x00000000      0x204 ..\obj\stm32f1xx_hal_flash.o
 .ARM.attributes
                0x00000000       0x33 ..\obj\stm32f1xx_hal_flash.o
 COMMON         0x00000000       0x20 ..\obj\stm32f1xx_hal_flash.o
 .text          0x00000000        0x0 ..\obj\stm32f1xx_hal_hcd.o
 .data          0x00000000        0x0 ..\obj\stm32f1xx_hal_hcd.o
 .bss           0x00000000        0x0 ..\obj\stm32f1xx_hal_hcd.o
 .debug_info    0x00000000       0xa0 ..\obj\stm32f1xx_hal_hcd.o
 .debug_abbrev  0x00000000       0x4b ..\obj\stm32f1xx_hal_hcd.o
 .debug_aranges
                0x00000000       0x18 ..\obj\stm32f1xx_hal_hcd.o
 .debug_line    0x00000000      0x150 ..\obj\stm32f1xx_hal_hcd.o
 .debug_str     0x00000000      0x1e3 ..\obj\stm32f1xx_hal_hcd.o
 .comment       0x00000000       0x6f ..\obj\stm32f1xx_hal_hcd.o
 .ARM.attributes
                0x00000000       0x33 ..\obj\stm32f1xx_hal_hcd.o
 .text          0x00000000        0x0 c:/program files (x86)/gnu tools arm embedded/5.4 2016q3/bin/../lib/gcc/arm-none-eabi/5.4.1/../../../../arm-none-eabi/lib/armv7-m\libg.a(lib_a-exit.o)
 .data          0x00000000        0x0 c:/program files (x86)/gnu tools arm embedded/5.4 2016q3/bin/../lib/gcc/arm-none-eabi/5.4.1/../../../../arm-none-eabi/lib/armv7-m\libg.a(lib_a-exit.o)
 .bss           0x00000000        0x0 c:/program files (x86)/gnu tools arm embedded/5.4 2016q3/bin/../lib/gcc/arm-none-eabi/5.4.1/../../../../arm-none-eabi/lib/armv7-m\libg.a(lib_a-exit.o)
 .text.exit     0x00000000       0x20 c:/program files (x86)/gnu tools arm embedded/5.4 2016q3/bin/../lib/gcc/arm-none-eabi/5.4.1/../../../../arm-none-eabi/lib/armv7-m\libg.a(lib_a-exit.o)
 .debug_frame   0x00000000       0x28 c:/program files (x86)/gnu tools arm embedded/5.4 2016q3/bin/../lib/gcc/arm-none-eabi/5.4.1/../../../../arm-none-eabi/lib/armv7-m\libg.a(lib_a-exit.o)
 .ARM.attributes
                0x00000000       0x2d c:/program files (x86)/gnu tools arm embedded/5.4 2016q3/bin/../lib/gcc/arm-none-eabi/5.4.1/../../../../arm-none-eabi/lib/armv7-m\libg.a(lib_a-exit.o)
 .text          0x00000000        0x0 c:/program files (x86)/gnu tools arm embedded/5.4 2016q3/bin/../lib/gcc/arm-none-eabi/5.4.1/../../../../arm-none-eabi/lib/armv7-m\libg.a(lib_a-impure.o)
 .data          0x00000000        0x0 c:/program files (x86)/gnu tools arm embedded/5.4 2016q3/bin/../lib/gcc/arm-none-eabi/5.4.1/../../../../arm-none-eabi/lib/armv7-m\libg.a(lib_a-impure.o)
 .bss           0x00000000        0x0 c:/program files (x86)/gnu tools arm embedded/5.4 2016q3/bin/../lib/gcc/arm-none-eabi/5.4.1/../../../../arm-none-eabi/lib/armv7-m\libg.a(lib_a-impure.o)
 .data._impure_ptr
                0x00000000        0x4 c:/program files (x86)/gnu tools arm embedded/5.4 2016q3/bin/../lib/gcc/arm-none-eabi/5.4.1/../../../../arm-none-eabi/lib/armv7-m\libg.a(lib_a-impure.o)
 .text          0x00000000        0x0 c:/program files (x86)/gnu tools arm embedded/5.4 2016q3/bin/../lib/gcc/arm-none-eabi/5.4.1/../../../../arm-none-eabi/lib/armv7-m\libg.a(lib_a-init.o)
 .data          0x00000000        0x0 c:/program files (x86)/gnu tools arm embedded/5.4 2016q3/bin/../lib/gcc/arm-none-eabi/5.4.1/../../../../arm-none-eabi/lib/armv7-m\libg.a(lib_a-init.o)
 .bss           0x00000000        0x0 c:/program files (x86)/gnu tools arm embedded/5.4 2016q3/bin/../lib/gcc/arm-none-eabi/5.4.1/../../../../arm-none-eabi/lib/armv7-m\libg.a(lib_a-init.o)
 .text          0x00000000        0x0 c:/program files (x86)/gnu tools arm embedded/5.4 2016q3/bin/../lib/gcc/arm-none-eabi/5.4.1/../../../../arm-none-eabi/lib/armv7-m\libg.a(lib_a-memset.o)
 .data          0x00000000        0x0 c:/program files (x86)/gnu tools arm embedded/5.4 2016q3/bin/../lib/gcc/arm-none-eabi/5.4.1/../../../../arm-none-eabi/lib/armv7-m\libg.a(lib_a-memset.o)
 .bss           0x00000000        0x0 c:/program files (x86)/gnu tools arm embedded/5.4 2016q3/bin/../lib/gcc/arm-none-eabi/5.4.1/../../../../arm-none-eabi/lib/armv7-m\libg.a(lib_a-memset.o)
 .text.memset   0x00000000       0x9c c:/program files (x86)/gnu tools arm embedded/5.4 2016q3/bin/../lib/gcc/arm-none-eabi/5.4.1/../../../../arm-none-eabi/lib/armv7-m\libg.a(lib_a-memset.o)
 .debug_frame   0x00000000       0x34 c:/program files (x86)/gnu tools arm embedded/5.4 2016q3/bin/../lib/gcc/arm-none-eabi/5.4.1/../../../../arm-none-eabi/lib/armv7-m\libg.a(lib_a-memset.o)
 .ARM.attributes
                0x00000000       0x2d c:/program files (x86)/gnu tools arm embedded/5.4 2016q3/bin/../lib/gcc/arm-none-eabi/5.4.1/../../../../arm-none-eabi/lib/armv7-m\libg.a(lib_a-memset.o)
 .text          0x00000000        0x0 c:/program files (x86)/gnu tools arm embedded/5.4 2016q3/bin/../lib/gcc/arm-none-eabi/5.4.1/../../../../arm-none-eabi/lib/armv7-m\libg.a(lib_a-__call_atexit.o)
 .data          0x00000000        0x0 c:/program files (x86)/gnu tools arm embedded/5.4 2016q3/bin/../lib/gcc/arm-none-eabi/5.4.1/../../../../arm-none-eabi/lib/armv7-m\libg.a(lib_a-__call_atexit.o)
 .bss           0x00000000        0x0 c:/program files (x86)/gnu tools arm embedded/5.4 2016q3/bin/../lib/gcc/arm-none-eabi/5.4.1/../../../../arm-none-eabi/lib/armv7-m\libg.a(lib_a-__call_atexit.o)
 .text.__call_exitprocs
                0x00000000       0xd8 c:/program files (x86)/gnu tools arm embedded/5.4 2016q3/bin/../lib/gcc/arm-none-eabi/5.4.1/../../../../arm-none-eabi/lib/armv7-m\libg.a(lib_a-__call_atexit.o)
 .text          0x00000000        0x0 c:/program files (x86)/gnu tools arm embedded/5.4 2016q3/bin/../lib/gcc/arm-none-eabi/5.4.1/../../../../arm-none-eabi/lib/armv7-m\libg.a(lib_a-atexit.o)
 .data          0x00000000        0x0 c:/program files (x86)/gnu tools arm embedded/5.4 2016q3/bin/../lib/gcc/arm-none-eabi/5.4.1/../../../../arm-none-eabi/lib/armv7-m\libg.a(lib_a-atexit.o)
 .bss           0x00000000        0x0 c:/program files (x86)/gnu tools arm embedded/5.4 2016q3/bin/../lib/gcc/arm-none-eabi/5.4.1/../../../../arm-none-eabi/lib/armv7-m\libg.a(lib_a-atexit.o)
 .text          0x00000000        0x0 c:/program files (x86)/gnu tools arm embedded/5.4 2016q3/bin/../lib/gcc/arm-none-eabi/5.4.1/../../../../arm-none-eabi/lib/armv7-m\libg.a(lib_a-fini.o)
 .data          0x00000000        0x0 c:/program files (x86)/gnu tools arm embedded/5.4 2016q3/bin/../lib/gcc/arm-none-eabi/5.4.1/../../../../arm-none-eabi/lib/armv7-m\libg.a(lib_a-fini.o)
 .bss           0x00000000        0x0 c:/program files (x86)/gnu tools arm embedded/5.4 2016q3/bin/../lib/gcc/arm-none-eabi/5.4.1/../../../../arm-none-eabi/lib/armv7-m\libg.a(lib_a-fini.o)
 .text          0x00000000        0x0 c:/program files (x86)/gnu tools arm embedded/5.4 2016q3/bin/../lib/gcc/arm-none-eabi/5.4.1/../../../../arm-none-eabi/lib/armv7-m\libg.a(lib_a-__atexit.o)
 .data          0x00000000        0x0 c:/program files (x86)/gnu tools arm embedded/5.4 2016q3/bin/../lib/gcc/arm-none-eabi/5.4.1/../../../../arm-none-eabi/lib/armv7-m\libg.a(lib_a-__atexit.o)
 .bss           0x00000000        0x0 c:/program files (x86)/gnu tools arm embedded/5.4 2016q3/bin/../lib/gcc/arm-none-eabi/5.4.1/../../../../arm-none-eabi/lib/armv7-m\libg.a(lib_a-__atexit.o)
 .text          0x00000000        0x0 c:/program files (x86)/gnu tools arm embedded/5.4 2016q3/bin/../lib/gcc/arm-none-eabi/5.4.1/armv7-m/crtend.o
 .data          0x00000000        0x0 c:/program files (x86)/gnu tools arm embedded/5.4 2016q3/bin/../lib/gcc/arm-none-eabi/5.4.1/armv7-m/crtend.o
 .bss           0x00000000        0x0 c:/program files (x86)/gnu tools arm embedded/5.4 2016q3/bin/../lib/gcc/arm-none-eabi/5.4.1/armv7-m/crtend.o
 .eh_frame      0x00000000        0x4 c:/program files (x86)/gnu tools arm embedded/5.4 2016q3/bin/../lib/gcc/arm-none-eabi/5.4.1/armv7-m/crtend.o
 .text          0x00000000        0x0 c:/program files (x86)/gnu tools arm embedded/5.4 2016q3/bin/../lib/gcc/arm-none-eabi/5.4.1/armv7-m/crtn.o
 .data          0x00000000        0x0 c:/program files (x86)/gnu tools arm embedded/5.4 2016q3/bin/../lib/gcc/arm-none-eabi/5.4.1/armv7-m/crtn.o
 .bss           0x00000000        0x0 c:/program files (x86)/gnu tools arm embedded/5.4 2016q3/bin/../lib/gcc/arm-none-eabi/5.4.1/armv7-m/crtn.o

Memory Configuration

Name             Origin             Length             Attributes
rom              0x08000000         0x00010000         xr
ram              0x20000000         0x00005000         xrw
*default*        0x00000000         0xffffffff

Linker script and memory map

LOAD c:/program files (x86)/gnu tools arm embedded/5.4 2016q3/bin/../lib/gcc/arm-none-eabi/5.4.1/armv7-m/crti.o
LOAD c:/program files (x86)/gnu tools arm embedded/5.4 2016q3/bin/../lib/gcc/arm-none-eabi/5.4.1/armv7-m/crtbegin.o
LOAD c:/program files (x86)/gnu tools arm embedded/5.4 2016q3/bin/../lib/gcc/arm-none-eabi/5.4.1/../../../../arm-none-eabi/lib/armv7-m/crt0.o
                0x20005000                _eram = 0x20005000

.text           0x08000000      0x464
 *(.isr_vector)
 .isr_vector    0x08000000      0x10c ..\obj\startup_stm32f103xb.o
                0x08000000                g_pfnVectors
 *(.text*)
 .text          0x0800010c       0x5c c:/program files (x86)/gnu tools arm embedded/5.4 2016q3/bin/../lib/gcc/arm-none-eabi/5.4.1/armv7-m/crtbegin.o
 .text.Reset_Handler
                0x08000168       0x48 ..\obj\startup_stm32f103xb.o
                0x08000168                Reset_Handler
 .text.Default_Handler
                0x080001b0        0x2 ..\obj\startup_stm32f103xb.o
                0x080001b0                RTC_Alarm_IRQHandler
                0x080001b0                EXTI2_IRQHandler
                0x080001b0                DebugMon_Handler
                0x080001b0                TIM1_CC_IRQHandler
                0x080001b0                HardFault_Handler
                0x080001b0                SysTick_Handler
                0x080001b0                PVD_IRQHandler
                0x080001b0                PendSV_Handler
                0x080001b0                NMI_Handler
                0x080001b0                EXTI3_IRQHandler
                0x080001b0                EXTI0_IRQHandler
                0x080001b0                I2C2_EV_IRQHandler
                0x080001b0                UsageFault_Handler
                0x080001b0                ADC1_2_IRQHandler
                0x080001b0                SPI1_IRQHandler
                0x080001b0                TAMPER_IRQHandler
                0x080001b0                DMA1_Channel4_IRQHandler
                0x080001b0                USART3_IRQHandler
                0x080001b0                RTC_IRQHandler
                0x080001b0                DMA1_Channel7_IRQHandler
                0x080001b0                CAN1_RX1_IRQHandler
                0x080001b0                TIM4_IRQHandler
                0x080001b0                I2C1_EV_IRQHandler
                0x080001b0                DMA1_Channel6_IRQHandler
                0x080001b0                TIM3_IRQHandler
                0x080001b0                RCC_IRQHandler
                0x080001b0                TIM1_TRG_COM_IRQHandler
                0x080001b0                DMA1_Channel1_IRQHandler
                0x080001b0                Default_Handler
                0x080001b0                EXTI15_10_IRQHandler
                0x080001b0                EXTI9_5_IRQHandler
                0x080001b0                SPI2_IRQHandler
                0x080001b0                MemManage_Handler
                0x080001b0                SVC_Handler
                0x080001b0                DMA1_Channel5_IRQHandler
                0x080001b0                EXTI4_IRQHandler
                0x080001b0                USB_LP_CAN1_RX0_IRQHandler
                0x080001b0                USB_HP_CAN1_TX_IRQHandler
                0x080001b0                DMA1_Channel3_IRQHandler
                0x080001b0                TIM1_UP_IRQHandler
                0x080001b0                WWDG_IRQHandler
                0x080001b0                TIM2_IRQHandler
                0x080001b0                TIM1_BRK_IRQHandler
                0x080001b0                EXTI1_IRQHandler
                0x080001b0                USART2_IRQHandler
                0x080001b0                I2C2_ER_IRQHandler
                0x080001b0                DMA1_Channel2_IRQHandler
                0x080001b0                CAN1_SCE_IRQHandler
                0x080001b0                FLASH_IRQHandler
                0x080001b0                BusFault_Handler
                0x080001b0                USART1_IRQHandler
                0x080001b0                I2C1_ER_IRQHandler
                0x080001b0                USBWakeUp_IRQHandler
 *fill*         0x080001b2        0x2 
 .text          0x080001b4      0x140 ..\obj\system_stm32f1xx.o
                0x080001b4                SystemInit
                0x0800021c                SystemCoreClockUpdate
 .text          0x080002f4        0x8 ..\obj\main.o
                0x080002f4                main
 .text.__libc_init_array
                0x080002fc       0x50 c:/program files (x86)/gnu tools arm embedded/5.4 2016q3/bin/../lib/gcc/arm-none-eabi/5.4.1/../../../../arm-none-eabi/lib/armv7-m\libg.a(lib_a-init.o)
                0x080002fc                __libc_init_array
 .text.startup.register_fini
                0x0800034c       0x14 c:/program files (x86)/gnu tools arm embedded/5.4 2016q3/bin/../lib/gcc/arm-none-eabi/5.4.1/../../../../arm-none-eabi/lib/armv7-m\libg.a(lib_a-__call_atexit.o)
 .text.atexit   0x08000360        0xc c:/program files (x86)/gnu tools arm embedded/5.4 2016q3/bin/../lib/gcc/arm-none-eabi/5.4.1/../../../../arm-none-eabi/lib/armv7-m\libg.a(lib_a-atexit.o)
                0x08000360                atexit
 .text.__libc_fini_array
                0x0800036c       0x28 c:/program files (x86)/gnu tools arm embedded/5.4 2016q3/bin/../lib/gcc/arm-none-eabi/5.4.1/../../../../arm-none-eabi/lib/armv7-m\libg.a(lib_a-fini.o)
                0x0800036c                __libc_fini_array
 .text.__register_exitproc
                0x08000394       0xa4 c:/program files (x86)/gnu tools arm embedded/5.4 2016q3/bin/../lib/gcc/arm-none-eabi/5.4.1/../../../../arm-none-eabi/lib/armv7-m\libg.a(lib_a-__atexit.o)
                0x08000394                __register_exitproc
 *(.init)
 .init          0x08000438        0x4 c:/program files (x86)/gnu tools arm embedded/5.4 2016q3/bin/../lib/gcc/arm-none-eabi/5.4.1/armv7-m/crti.o
                0x08000438                _init
 .init          0x0800043c        0x8 c:/program files (x86)/gnu tools arm embedded/5.4 2016q3/bin/../lib/gcc/arm-none-eabi/5.4.1/armv7-m/crtn.o
 *(.fini)
 .fini          0x08000444        0x4 c:/program files (x86)/gnu tools arm embedded/5.4 2016q3/bin/../lib/gcc/arm-none-eabi/5.4.1/armv7-m/crti.o
                0x08000444                _fini
 .fini          0x08000448        0x8 c:/program files (x86)/gnu tools arm embedded/5.4 2016q3/bin/../lib/gcc/arm-none-eabi/5.4.1/armv7-m/crtn.o
 *crtbegin.o(.ctors)
 *crtbegin?.o(.ctors)
 *(EXCLUDE_FILE(*crtend.o *crtend?.o) .ctors)
 *(SORT(.ctors.*))
 *(.ctors)
 *crtbegin.o(.dtors)
 *crtbegin?.o(.dtors)
 *(EXCLUDE_FILE(*crtend.o *crtend?.o) .dtors)
 *(SORT(.dtors.*))
 *(.dtors)
 *(.rodata*)
 .rodata        0x08000450       0x10 ..\obj\system_stm32f1xx.o
                0x08000450                AHBPrescTable
 .rodata._global_impure_ptr
                0x08000460        0x4 c:/program files (x86)/gnu tools arm embedded/5.4 2016q3/bin/../lib/gcc/arm-none-eabi/5.4.1/../../../../arm-none-eabi/lib/armv7-m\libg.a(lib_a-impure.o)
                0x08000460                _global_impure_ptr
 *(.eh_fram e*)

.eh_frame       0x08000464        0x0
 .eh_frame      0x08000464        0x0 c:/program files (x86)/gnu tools arm embedded/5.4 2016q3/bin/../lib/gcc/arm-none-eabi/5.4.1/armv7-m/crtbegin.o

.glue_7         0x08000464        0x0
 .glue_7        0x08000464        0x0 linker stubs

.glue_7t        0x08000464        0x0
 .glue_7t       0x08000464        0x0 linker stubs

.vfp11_veneer   0x08000464        0x0
 .vfp11_veneer  0x08000464        0x0 linker stubs

.v4_bx          0x08000464        0x0
 .v4_bx         0x08000464        0x0 linker stubs

.iplt           0x08000464        0x0
 .iplt          0x08000464        0x0 c:/program files (x86)/gnu tools arm embedded/5.4 2016q3/bin/../lib/gcc/arm-none-eabi/5.4.1/armv7-m/crtbegin.o

.rel.dyn        0x08000464        0x0
 .rel.iplt      0x08000464        0x0 c:/program files (x86)/gnu tools arm embedded/5.4 2016q3/bin/../lib/gcc/arm-none-eabi/5.4.1/armv7-m/crtbegin.o

.ARM.extab
 *(.ARM.extab* .gnu.linkonce.armextab.*)
                0x08000464                __exidx_start = .

.ARM.exidx
 *(.ARM.exidx* .gnu.linkonce.armexidx.*)
                0x08000464                __exidx_end = .
                0x08000464                __etext = .
                0x08000464                _sidata = __etext

.data           0x20000000      0x440 load address 0x08000464
                0x20000000                __data_start__ = .
                0x20000000                _sdata = __data_start__
 *(vtable)
 *(.data*)
 .data          0x20000000        0x4 ..\obj\system_stm32f1xx.o
                0x20000000                SystemCoreClock
 *fill*         0x20000004        0x4 
 .data.impure_data
                0x20000008      0x428 c:/program files (x86)/gnu tools arm embedded/5.4 2016q3/bin/../lib/gcc/arm-none-eabi/5.4.1/../../../../arm-none-eabi/lib/armv7-m\libg.a(lib_a-impure.o)
                0x20000430                . = ALIGN (0x4)
                0x20000430                PROVIDE (__preinit_array_start, .)
 *(.preinit_array)
                0x20000430                PROVIDE (__preinit_array_end, .)
                0x20000430                . = ALIGN (0x4)
                0x20000430                PROVIDE (__init_array_start, .)
 *(SORT(.init_array.*))
 .init_array.00000
                0x20000430        0x4 c:/program files (x86)/gnu tools arm embedded/5.4 2016q3/bin/../lib/gcc/arm-none-eabi/5.4.1/../../../../arm-none-eabi/lib/armv7-m\libg.a(lib_a-__call_atexit.o)
 *(.init_array)
 .init_array    0x20000434        0x4 c:/program files (x86)/gnu tools arm embedded/5.4 2016q3/bin/../lib/gcc/arm-none-eabi/5.4.1/armv7-m/crtbegin.o
                0x20000438                PROVIDE (__init_array_end, .)
                0x20000438                . = ALIGN (0x4)
                0x20000438                PROVIDE (__fini_array_start, .)
 *(SORT(.fini_array.*))
 *(.fini_array)
 .fini_array    0x20000438        0x4 c:/program files (x86)/gnu tools arm embedded/5.4 2016q3/bin/../lib/gcc/arm-none-eabi/5.4.1/armv7-m/crtbegin.o
                0x2000043c                PROVIDE (__fini_array_end, .)
 *(.jcr*)
 .jcr           0x2000043c        0x0 c:/program files (x86)/gnu tools arm embedded/5.4 2016q3/bin/../lib/gcc/arm-none-eabi/5.4.1/armv7-m/crtbegin.o
 .jcr           0x2000043c        0x4 c:/program files (x86)/gnu tools arm embedded/5.4 2016q3/bin/../lib/gcc/arm-none-eabi/5.4.1/armv7-m/crtend.o
                0x20000440                . = ALIGN (0x4)
                0x20000440                __data_end__ = .
                0x20000440                _edata = __data_end__

.igot.plt       0x20000440        0x0 load address 0x080008a4
 .igot.plt      0x20000440        0x0 c:/program files (x86)/gnu tools arm embedded/5.4 2016q3/bin/../lib/gcc/arm-none-eabi/5.4.1/armv7-m/crtbegin.o

.bss            0x20000440       0x1c load address 0x080008a4
                0x20000440                . = ALIGN (0x4)
                0x20000440                __bss_start__ = .
                0x20000440                _sbss = __bss_start__
 *(.bss*)
 .bss           0x20000440       0x1c c:/program files (x86)/gnu tools arm embedded/5.4 2016q3/bin/../lib/gcc/arm-none-eabi/5.4.1/armv7-m/crtbegin.o
 *(COMMON)
                0x2000045c                . = ALIGN (0x4)
                0x2000045c                __bss_end__ = .
                0x2000045c                _ebss = __bss_end__

.heap           0x2000045c        0x0
                0x2000045c                __end__ = .
                0x2000045c                _end = __end__
                0x2000045c                end = __end__
 *(.heap*)
                0x2000045c                __HeapLimit = .

.co_stack       0x2000045c        0x4 load address 0x080008c0
                0x20000460                . = ALIGN (0x8)
 *fill*         0x2000045c        0x4 
 *(.co_stack .co_stack.*)
                0x20005000                __StackTop = (ORIGIN (ram) + LENGTH (ram))
                0x20004ffc                __StackLimit = (__StackTop - SIZEOF (.co_stack))
                0x20005000                PROVIDE (__stack, __StackTop)
                0x00000001                ASSERT ((__StackLimit >= __HeapLimit), region ram  overflowed with stack)
LOAD ..\obj\stm32f1xx_hal_nor.o
LOAD ..\obj\stm32f1xx_hal_flash_ex.o
LOAD ..\obj\stm32f1xx_hal_usart.o
LOAD ..\obj\stm32f1xx_hal_nand.o
LOAD ..\obj\stm32f1xx_hal_dac_ex.o
LOAD ..\obj\stm32f1xx_hal_cec.o
LOAD ..\obj\stm32f1xx_hal_iwdg.o
LOAD ..\obj\stm32f1xx_hal_tim_ex.o
LOAD ..\obj\stm32f1xx_ll_sdmmc.o
LOAD ..\obj\stm32f1xx_hal_pcd.o
LOAD ..\obj\stm32f1xx_hal_rtc.o
LOAD ..\obj\stm32f1xx_hal_smartcard.o
LOAD ..\obj\stm32f1xx_hal_pwr.o
LOAD ..\obj\stm32f1xx_hal_dac.o
LOAD ..\obj\stm32f1xx_hal.o
LOAD ..\obj\stm32f1xx_hal_wwdg.o
LOAD ..\obj\startup_stm32f103xb.o
LOAD ..\obj\stm32f1xx_hal_adc.o
LOAD ..\obj\system_stm32f1xx.o
LOAD ..\obj\stm32f1xx_hal_adc_ex.o
LOAD ..\obj\stm32f1xx_hal_sram.o
LOAD ..\obj\stm32f1xx_hal_crc.o
LOAD ..\obj\main.o
LOAD ..\obj\stm32f1xx_hal_spi_ex.o
LOAD ..\obj\stm32f1xx_hal_rcc_ex.o
LOAD ..\obj\stm32f1xx_ll_usb.o
LOAD ..\obj\stm32f1xx_hal_can.o
LOAD ..\obj\stm32f1xx_hal_cortex.o
LOAD ..\obj\stm32f1xx_hal_rtc_ex.o
LOAD ..\obj\stm32f1xx_hal_i2s.o
LOAD ..\obj\stm32f1xx_ll_fsmc.o
LOAD ..\obj\stm32f1xx_hal_irda.o
LOAD ..\obj\stm32f1xx_hal_dma.o
LOAD ..\obj\stm32f1xx_hal_rcc.o
LOAD ..\obj\stm32f1xx_hal_eth.o
LOAD ..\obj\stm32f1xx_hal_sd.o
LOAD ..\obj\stm32f1xx_hal_pccard.o
LOAD ..\obj\stm32f1xx_hal_pcd_ex.o
LOAD ..\obj\stm32f1xx_hal_tim.o
LOAD ..\obj\stm32f1xx_hal_spi.o
LOAD ..\obj\stm32f1xx_hal_i2c.o
LOAD ..\obj\stm32f1xx_hal_uart.o
LOAD ..\obj\stm32f1xx_hal_gpio_ex.o
LOAD ..\obj\stm32f1xx_hal_gpio.o
LOAD ..\obj\stm32f1xx_hal_flash.o
LOAD ..\obj\stm32f1xx_hal_hcd.o
START GROUP
LOAD c:/program files (x86)/gnu tools arm embedded/5.4 2016q3/bin/../lib/gcc/arm-none-eabi/5.4.1/armv7-m\libgcc.a
LOAD c:/program files (x86)/gnu tools arm embedded/5.4 2016q3/bin/../lib/gcc/arm-none-eabi/5.4.1/../../../../arm-none-eabi/lib/armv7-m\libg.a
LOAD c:/program files (x86)/gnu tools arm embedded/5.4 2016q3/bin/../lib/gcc/arm-none-eabi/5.4.1/../../../../arm-none-eabi/lib/armv7-m\libc.a
END GROUP
LOAD c:/program files (x86)/gnu tools arm embedded/5.4 2016q3/bin/../lib/gcc/arm-none-eabi/5.4.1/armv7-m/crtend.o
LOAD c:/program files (x86)/gnu tools arm embedded/5.4 2016q3/bin/../lib/gcc/arm-none-eabi/5.4.1/armv7-m/crtn.o
OUTPUT(GPIOTutorial.elf elf32-littlearm)

.ARM.attributes
                0x00000000       0x29
 .ARM.attributes
                0x00000000       0x1d c:/program files (x86)/gnu tools arm embedded/5.4 2016q3/bin/../lib/gcc/arm-none-eabi/5.4.1/armv7-m/crti.o
 .ARM.attributes
                0x0000001d       0x2d c:/program files (x86)/gnu tools arm embedded/5.4 2016q3/bin/../lib/gcc/arm-none-eabi/5.4.1/armv7-m/crtbegin.o
 .ARM.attributes
                0x0000004a       0x21 ..\obj\startup_stm32f103xb.o
 .ARM.attributes
                0x0000006b       0x33 ..\obj\system_stm32f1xx.o
 .ARM.attributes
                0x0000009e       0x33 ..\obj\main.o
 .ARM.attributes
                0x000000d1       0x2d c:/program files (x86)/gnu tools arm embedded/5.4 2016q3/bin/../lib/gcc/arm-none-eabi/5.4.1/../../../../arm-none-eabi/lib/armv7-m\libg.a(lib_a-impure.o)
 .ARM.attributes
                0x000000fe       0x2d c:/program files (x86)/gnu tools arm embedded/5.4 2016q3/bin/../lib/gcc/arm-none-eabi/5.4.1/../../../../arm-none-eabi/lib/armv7-m\libg.a(lib_a-init.o)
 .ARM.attributes
                0x0000012b       0x2d c:/program files (x86)/gnu tools arm embedded/5.4 2016q3/bin/../lib/gcc/arm-none-eabi/5.4.1/../../../../arm-none-eabi/lib/armv7-m\libg.a(lib_a-__call_atexit.o)
 .ARM.attributes
                0x00000158       0x2d c:/program files (x86)/gnu tools arm embedded/5.4 2016q3/bin/../lib/gcc/arm-none-eabi/5.4.1/../../../../arm-none-eabi/lib/armv7-m\libg.a(lib_a-atexit.o)
 .ARM.attributes
                0x00000185       0x2d c:/program files (x86)/gnu tools arm embedded/5.4 2016q3/bin/../lib/gcc/arm-none-eabi/5.4.1/../../../../arm-none-eabi/lib/armv7-m\libg.a(lib_a-fini.o)
 .ARM.attributes
                0x000001b2       0x2d c:/program files (x86)/gnu tools arm embedded/5.4 2016q3/bin/../lib/gcc/arm-none-eabi/5.4.1/../../../../arm-none-eabi/lib/armv7-m\libg.a(lib_a-__atexit.o)
 .ARM.attributes
                0x000001df       0x2d c:/program files (x86)/gnu tools arm embedded/5.4 2016q3/bin/../lib/gcc/arm-none-eabi/5.4.1/armv7-m/crtend.o
 .ARM.attributes
                0x0000020c       0x1d c:/program files (x86)/gnu tools arm embedded/5.4 2016q3/bin/../lib/gcc/arm-none-eabi/5.4.1/armv7-m/crtn.o

.comment        0x00000000       0x6e
 .comment       0x00000000       0x6e ..\obj\system_stm32f1xx.o
                                 0x6f (size before relaxing)
 .comment       0x0000006e       0x6f ..\obj\main.o

.debug_line     0x00000000      0x36e
 .debug_line    0x00000000       0xd5 ..\obj\startup_stm32f103xb.o
 .debug_line    0x000000d5      0x22b ..\obj\system_stm32f1xx.o
 .debug_line    0x00000300       0x6e ..\obj\main.o

.debug_info     0x00000000      0x4cd
 .debug_info    0x00000000       0xe3 ..\obj\startup_stm32f103xb.o
 .debug_info    0x000000e3      0x3ac ..\obj\system_stm32f1xx.o
 .debug_info    0x0000048f       0x3e ..\obj\main.o

.debug_abbrev   0x00000000      0x169
 .debug_abbrev  0x00000000       0x12 ..\obj\startup_stm32f103xb.o
 .debug_abbrev  0x00000012      0x120 ..\obj\system_stm32f1xx.o
 .debug_abbrev  0x00000132       0x37 ..\obj\main.o

.debug_aranges  0x00000000       0x68
 .debug_aranges
                0x00000000       0x28 ..\obj\startup_stm32f103xb.o
 .debug_aranges
                0x00000028       0x20 ..\obj\system_stm32f1xx.o
 .debug_aranges
                0x00000048       0x20 ..\obj\main.o

.debug_ranges   0x00000000       0x20
 .debug_ranges  0x00000000       0x20 ..\obj\startup_stm32f103xb.o

.debug_str      0x00000000      0x297
 .debug_str     0x00000000      0x258 ..\obj\system_stm32f1xx.o
                                0x2a5 (size before relaxing)
 .debug_str     0x00000258       0x3f ..\obj\main.o
                                 0xa8 (size before relaxing)

.debug_frame    0x00000000      0x184
 .debug_frame   0x00000000       0x58 ..\obj\system_stm32f1xx.o
 .debug_frame   0x00000058       0x28 ..\obj\main.o
 .debug_frame   0x00000080       0x2c c:/program files (x86)/gnu tools arm embedded/5.4 2016q3/bin/../lib/gcc/arm-none-eabi/5.4.1/../../../../arm-none-eabi/lib/armv7-m\libg.a(lib_a-init.o)
 .debug_frame   0x000000ac       0x50 c:/program files (x86)/gnu tools arm embedded/5.4 2016q3/bin/../lib/gcc/arm-none-eabi/5.4.1/../../../../arm-none-eabi/lib/armv7-m\libg.a(lib_a-__call_atexit.o)
 .debug_frame   0x000000fc       0x20 c:/program files (x86)/gnu tools arm embedded/5.4 2016q3/bin/../lib/gcc/arm-none-eabi/5.4.1/../../../../arm-none-eabi/lib/armv7-m\libg.a(lib_a-atexit.o)
 .debug_frame   0x0000011c       0x34 c:/program files (x86)/gnu tools arm embedded/5.4 2016q3/bin/../lib/gcc/arm-none-eabi/5.4.1/../../../../arm-none-eabi/lib/armv7-m\libg.a(lib_a-fini.o)
 .debug_frame   0x00000150       0x34 c:/program files (x86)/gnu tools arm embedded/5.4 2016q3/bin/../lib/gcc/arm-none-eabi/5.4.1/../../../../arm-none-eabi/lib/armv7-m\libg.a(lib_a-__atexit.o)
